{
  "bah": "BYE",
  "baz": false,
  "foo": {
    "bar": true,
    "other": "HELLO"
  }
}